[18:07:25] Consumer started, waiting for records on 'a2-5gb-run1'...
[18:08:00] FIRST RECORD received! latency=35.14s after consumer start
  [18:08:33] 500,000 records (84.3 MB, 33.0s)
  [18:09:06] 1,000,000 records (168.7 MB, 66.2s)
  [18:09:39] 1,500,000 records (253.0 MB, 99.4s)
  [18:10:13] 2,000,000 records (337.4 MB, 133.1s)
  [18:10:46] 2,500,000 records (421.7 MB, 166.2s)
  [18:11:19] 3,000,000 records (506.1 MB, 199.4s)
  [18:11:52] 3,500,000 records (590.4 MB, 232.5s)
  [18:12:26] 4,000,000 records (674.8 MB, 265.7s)
  [18:12:59] 4,500,000 records (759.1 MB, 298.9s)
  [18:13:32] 5,000,000 records (843.4 MB, 332.1s)
  [18:14:05] 5,500,000 records (927.8 MB, 365.3s)
  [18:14:38] 6,000,000 records (1012.1 MB, 398.6s)
  [18:15:12] 6,500,000 records (1096.5 MB, 431.8s)
  [18:15:45] 7,000,000 records (1180.8 MB, 465.0s)
  [18:16:18] 7,500,000 records (1265.2 MB, 498.2s)
  [18:16:51] 8,000,000 records (1349.5 MB, 531.3s)
  [18:17:24] 8,500,000 records (1433.8 MB, 564.6s)
  [18:17:58] 9,000,000 records (1518.2 MB, 597.9s)
[18:19:30] Idle timeout after 60000ms, stopping.

============================================================
CONSUMER RESULTS
============================================================
  run_id:                approach2_warm1
  records:               9317527
  bytes_mb:              1571.75
  first_record_latency:  35.14s
  active_duration_s:     630.65
  consumer_total_s:      665.80
  throughput_mbps:       2.49
============================================================
CONSUMER_CSV:approach2_warm1,9317527,1571.75,35.14,630.65,665.80,2.49
Results appended to /home/ubuntu/results/approach2_consumer.csv
