[19:51:01] Consumer started, waiting for records on 'a2-5gb-run2'...
[19:51:36] FIRST RECORD received! latency=35.01s after consumer start
  [19:52:10] 500,000 records (84.3 MB, 33.3s)
  [19:52:43] 1,000,000 records (168.7 MB, 66.6s)
  [19:53:16] 1,500,000 records (253.0 MB, 100.0s)
  [19:53:50] 2,000,000 records (337.4 MB, 133.9s)
  [19:54:24] 2,500,000 records (421.7 MB, 167.2s)
  [19:54:57] 3,000,000 records (506.1 MB, 200.7s)
  [19:55:30] 3,500,000 records (590.4 MB, 234.1s)
  [19:56:04] 4,000,000 records (674.7 MB, 267.5s)
  [19:56:37] 4,500,000 records (759.1 MB, 300.8s)
  [19:57:11] 5,000,000 records (843.4 MB, 334.2s)
  [19:57:44] 5,500,000 records (927.8 MB, 367.6s)
  [19:58:17] 6,000,000 records (1012.1 MB, 401.1s)
  [19:58:51] 6,500,000 records (1096.5 MB, 434.5s)
  [19:59:24] 7,000,000 records (1180.8 MB, 467.9s)
  [19:59:58] 7,500,000 records (1265.2 MB, 501.3s)
  [20:00:31] 8,000,000 records (1349.5 MB, 534.8s)
  [20:01:05] 8,500,000 records (1433.8 MB, 568.3s)
  [20:01:38] 9,000,000 records (1518.2 MB, 601.7s)
[20:03:10] Idle timeout after 60000ms, stopping.

============================================================
CONSUMER RESULTS
============================================================
  run_id:                approach2_run2
  records:               9317527
  bytes_mb:              1571.75
  first_record_latency:  35.01s
  active_duration_s:     633.66
  consumer_total_s:      668.66
  throughput_mbps:       2.48
============================================================
CONSUMER_CSV:approach2_run2,9317527,1571.75,35.01,633.66,668.66,2.48
Results appended to /home/ubuntu/results/approach2_consumer.csv
